RLU8 Object Linker, Ver.1.51.2 Linkage Information
[Tue Jul 29 20:48:02 2014]


                         ------------------
                          Control Synopsis
                         ------------------

I/O controls:    D  SD NS NA
Other controls: CC STACK( 0100H(256) )
                COMB( $$content_of_init $$end_of_init )
                COMB( $$init_info $$init_info_end )



                        ------------------------
                         Object Module Synopsis
                        ------------------------
                                                                Creator
Module Name           File Name                                 CCU8     RASU8
-----------           ---------                                 -----    -----
i2c                   _output\_obj\i2c.obj                      3.41     1.61
irq                   _output\_obj\irq.obj                      3.41     1.61
main                  _output\_obj\main.obj                     3.41     1.61
ml610112              _output\_obj\ml610112.obj                 -.--     1.61
tbc                   _output\_obj\tbc.obj                      3.41     1.61
timer                 _output\_obj\timer.obj                    3.41     1.61
uart                  _output\_obj\uart.obj                     3.41     1.61
ULDIVSW               C:\PROGRA~2\U8Dev\Lib\longu8.lib          -.--     1.04
DIV32SW               C:\PROGRA~2\U8Dev\Lib\longu8.lib          -.--     1.04
UIDIVSW               C:\PROGRA~2\U8Dev\Lib\longu8.lib          -.--     1.04
CIDIMOSW              C:\PROGRA~2\U8Dev\Lib\longu8.lib          -.--     1.04


Number of Modules: 11

Number of Symbols:
 +---------------------------------------------------------------------------+
 |          | CODE | DATA | BIT  |NVDATA|NVBIT |TABLE |NUMBER| TBIT || total |
 |----------+------+------+------+------+------+------+------+------++-------|
 | SEGMENT  |    91|     5|     0|     0|     0|     7|      |      ||    103|
 |----------+------+------+------+------+------+------+------+------++-------|
 | COMMUNAL |     0|     7|     0|     0|     0|     0|      |      ||      7|
 |----------+------+------+------+------+------+------+------+------++-------|
 | PUBLIC   |    43|    10|     0|     0|     0|     0|     0|     0||     53|
 +---------------------------------------------------------------------------+

Target:  ML610112 
Model:   SMALL


Memory Map - Program memory space #0:
      Type     Start      Stop
     -----------------------------
      ROM      00:0000    00:7FFF

Memory Map - Data memory space #0:
      Type     Start      Stop
     -----------------------------
      RAM      00:E000    00:FFFF

Memory Map - Memory space above #1:
      Type     Start      Stop
     -----------------------------
      ROM      02:0000    02:0FFF
      ROM      08:0000    08:7FFF
      ROM      0A:0000    0A:0FFF

                         ------------------
                          Segment Synopsis
                         ------------------

Link Map - Program memory space #0 ( ROMWINDOW: 0000 - 7FFF )

      Type     Start      Stop       Size              Name
     -------------------------------------------------------
      S CODE   00:0000    00:0001    0002(2)           (absolute)
      S CODE   00:0002    00:0003    0002(2)           (absolute)
      S CODE   00:0004    00:0005    0002(2)           (absolute)
      S CODE   00:0006    00:0007    0002(2)           $$_intUndefHdr$irq
      S CODE   00:0008    00:0009    0002(2)           (absolute)
      S CODE   00:000A    00:000A    0000(0)           $$content_of_init
      S CODE   00:000A    00:000B    0002(2)           $$end_of_init
      S CODE   00:000C    00:0077    006C(108)         (absolute)
      S TABLE  00:0078    00:0189    0112(274)         $$NINITTAB
      S TABLE  00:018A    00:0191    0008(8)           $$init_info
      S TABLE  00:0192    00:0193    0002(2)           $$init_info_end
      S TABLE  00:0194    00:019D    000A(10)          $$TAB_uartSetParam$main
      S CODE   00:019E    00:01C7    002A(42)          $$uart_PortSet$uart
      S CODE   00:01C8    00:01E3    001C(28)          $$_intT16HINT$irq
      S CODE   00:01E4    00:01FF    001C(28)          $$_intPB0INT$irq
      S CODE   00:0200    00:021B    001C(28)          $$_intPB1INT$irq
      S CODE   00:021C    00:0313    00F8(248)         $$uart_continue$uart
      S CODE   00:0314    00:032F    001C(28)          $$_intPA0INT$irq
      S CODE   00:0330    00:034B    001C(28)          $$_intPA1INT$irq
      S CODE   00:034C    00:0367    001C(28)          $$_intCMP1INT$irq
      S CODE   00:0368    00:036F    0008(8)           $$main_reqNotHalt$main
      S CODE   00:0370    00:038B    001C(28)          $$_intCMP0INT$irq
      S CODE   00:038C    00:038F    0004(4)           $$_intUart$main
      S CODE   00:0390    00:039D    000E(14)          $$uart_ErrSet$uart
      S CODE   00:039E    00:03B9    001C(28)          $$_intTM8INT$irq
      S CODE   00:03BA    00:03D5    001C(28)          $$_intTM9INT$irq
      S CODE   00:03D6    00:03F1    001C(28)          $$_intTMEINT$irq
      S CODE   00:03F2    00:0409    0018(24)          $$NOP1000$main
      S CODE   00:040A    00:0425    001C(28)          $$_intTMAINT$irq
      S CODE   00:0426    00:0489    0064(100)         $$PortD_Low$main
      S CODE   00:048A    00:04A5    001C(28)          $$_intUA0INT$irq
      S CODE   00:04A6    00:04C1    001C(28)          $$_intUA1INT$irq
      S CODE   00:04C2    00:04D5    0014(20)          $$main_clrWDT$main
      S CODE   00:04D6    00:0507    0032(50)          $$irq_setHdr$irq
      S CODE   00:0508    00:055D    0056(86)          $$uart_startSend$uart
      S CODE   00:055E    00:0561    0004(4)           $$irq_di$irq
      S CODE   00:0562    00:0565    0004(4)           $$irq_ei$irq
      S CODE   00:0566    00:0581    001C(28)          $$_intT2HINT$irq
      S CODE   00:0582    00:0583    0002(2)           $$_intNullHdr$irq
      S CODE   00:0584    00:0595    0012(18)          $$_funcI2CFin$main
      S CODE   00:0596    00:06DB    0146(326)         $$uart_init$uart
      S CODE   00:06DC    00:0705    002A(42)          $$uart_PortClear$uart
      S CODE   00:0706    00:07C9    00C4(196)         $$PortB_Low$main
      S CODE   00:07CA    00:08EF    0126(294)         $$i2c_init$i2c
      S CODE   00:08F0    00:090B    001C(28)          $$_intPWDINT$irq
      S CODE   00:090C    00:0927    001C(28)          $$_intPWEINT$irq
      S CODE   00:0928    00:0943    001C(28)          $$_intPWFINT$irq
      S CODE   00:0944    00:098F    004C(76)          $$PortA_Low$main
      S CODE   00:0990    00:09AB    001C(28)          $$_intPWCINT$irq
      S CODE   00:09AC    00:09D9    002E(46)          $$i2c_stop$i2c
      S CODE   00:09DA    00:09F9    0020(32)          $$uldivu8sw
      S CODE   00:09FA    00:0A03    000A(10)          $$_branchHdr$irq
      S CODE   00:0A04    00:0A29    0026(38)          $$main$main
      S CODE   00:0A2A    00:0A83    005A(90)          $$irq_init$irq
      S CODE   00:0A84    00:0A9F    001C(28)          $$uart_stop$uart
      S CODE   00:0AA0    00:0B63    00C4(196)         $$PortC_Low$main
      S CODE   00:0B64    00:0BA3    0040(64)          $$cidimou8sw
      S CODE   00:0BA4    00:0D81    01DE(478)         $$Initialization$main
      S CODE   00:0D82    00:0D8D    000C(12)          $$uidivu8sw
      S CODE   00:0D8E    00:0D9F    0012(18)          $$_funcUartFin$main
      S CODE   00:0DA0    00:0DAB    000C(12)          $$_intI2c$main
      S CODE   00:0DAC    00:100D    0262(610)         $$i2c_continue$i2c
      S CODE   00:100E    00:1029    001C(28)          $$_intPB2INT$irq
      S CODE   00:102A    00:1045    001C(28)          $$_intPB3INT$irq
      S CODE   00:1046    00:1061    001C(28)          $$_intPA2INT$irq
      S CODE   00:1062    00:107D    001C(28)          $$_intT32HINT$irq
      S CODE   00:107E    00:1099    001C(28)          $$_intVLSINT$irq
      S CODE   00:109A    00:10B9    0020(32)          $$SetOSC$main
      S CODE   00:10BA    00:10E9    0030(48)          $$IRLED_PWM$main
      S CODE   00:10EA    00:1105    001C(28)          $$_intSADINT$irq
      S CODE   00:1106    00:1121    001C(28)          $$_intT128HINT$irq
      S CODE   00:1122    00:113B    001A(26)          $$_intWDTINT$irq
      S CODE   00:113C    00:1157    001C(28)          $$_intTMFINT$irq
      S CODE   00:1158    00:1173    001C(28)          $$_intTMBINT$irq
      S CODE   00:1174    00:118F    001C(28)          $$_intI2CSINT$irq
      S CODE   00:1190    00:11AB    001C(28)          $$_intSIO0INT$irq
      S CODE   00:11AC    00:11D9    002E(46)          $$div32u8sw
      S CODE   00:11DA    00:11F5    001C(28)          $$_intI2CMINT$irq
      S CODE   00:11F6    00:1285    0090(144)         $$NCODml610112sw
      S CODE   00:1286    00:12FB    0076(118)         $$i2c_startSend$i2c
>GAP<          00:12FC    00:7FDF    6CE4(27876)       (ROM)
      S CODE   00:7FE0    00:7FFF    0020(32)          (absolute)


Link Map - Data memory space #0

      Type     Start      Stop       Size              Name
     -------------------------------------------------------
      Q ROMWIN 00:0000    00:7FFF    8000(32768)       (ROMWIN)
>GAP<          00:E000.0  00:ED37.7  0D38.0(3384.0)    (RAM)
      S DATA   00:ED38    00:EE37    0100(256)         $STACK
      S DATA   00:EE38    00:EE38    0001(1)           $$NVARuart
>GAP<          00:EE39.0  00:EE39.7  0001.0(1.0)       (RAM)
      C DATA   00:EE3A    00:EE3B    0002(2)           _UART_VAR
      C DATA   00:EE3C    00:EE3D    0002(2)           _testI2C
      S DATA   00:EE3E    00:EE7B    003E(62)          $$NVARirq
      C DATA   00:EE7C    00:EE90    0015(21)          _RecWorld
      C DATA   00:EE91    00:EE91    0001(1)           __reqNotHalt
      S DATA   00:EE92    00:EEE9    0058(88)          $$NVARmain
      S DATA   00:EEEA    00:EFFB    0112(274)         $$NINITVAR
      C DATA   00:EFFC    00:EFFD    0002(2)           _ret
      C DATA   00:EFFE    00:EFFE    0001(1)           __flgI2CFin
      C DATA   00:EFFF    00:EFFF    0001(1)           __flgUartFin
      Q SFR    00:F000    00:FFFF    1000(4096)        (SFR)


Link Map - Memory space above #1

      Type     Start      Stop       Size              Name
     -------------------------------------------------------
 ---
      S TABLE  02:0000    02:0FFF    1000(4096)        (absolute)
 ---
      S TABLE  08:0000    08:7FFF    8000(32768)       (absolute)
 ---
      S TABLE  0A:0000    0A:0FFF    1000(4096)        (absolute)


Not Linked segments:

      Module Name         Type       Size              Segment Name 
     --------------------------------------------------------------
      i2c
                          CODE       0006(6)           $$i2c_getTransSize$i2c
                          CODE       0084(132)         $$i2c_startReceive$i2c
                          CODE       0012(18)          $$i2c_checkIRQ$i2c
                          CODE       0006(6)           $$i2c_clearIRQ$i2c
     --------------------------------------------------------------
      main
                          CODE       000E(14)          $$checkI2C$main
                          CODE       001A(26)          $$analog_comparator$main
                          CODE       0040(64)          $$PortA_Digital_Inputs$main
     --------------------------------------------------------------
      timer
                          CODE       0038(56)          $$tm_init$timer
     --------------------------------------------------------------
      uart
                          CODE       0006(6)           $$uart_clearIRQ$uart
                          CODE       0012(18)          $$uart_checkIRQ$uart
                          CODE       0008(8)           $$uart_ErrClr$uart
                          CODE       0006(6)           $$uart_ErrGet$uart
                          CODE       0006(6)           $$uart_getTransSize$uart
                          CODE       0042(66)          $$uart_startReceive$uart
     --------------------------------------------------------------


Total size (CODE  ) = 011F6   (4598)
Total size (DATA  ) = 002C7   (711)
Total size (BIT   ) = 00000.0 (0.0)
Total size (NVDATA) = 00000   (0)
Total size (NVBIT ) = 00000.0 (0.0)
Total size (TABLE ) = 0A126   (41254)

          -----------------------
           Symbol Table Synopsis
          -----------------------

Module         Value     Type         Symbol
------         -----     ----------   ------
i2c
               00:09AC   Pub CODE     _i2c_stop
               00:0DAC   Pub CODE     _i2c_continue
               00:1286   Pub CODE     _i2c_startSend
               00:07CA   Pub CODE     _i2c_init
               00:EEEA   Loc DATA     __gsCtrlParam

Module         Value     Type         Symbol
------         -----     ----------   ------
irq
               00:034C   Loc CODE     __intCMP1INT
               00:1062   Loc CODE     __intT32HINT
               00:0370   Loc CODE     __intCMP0INT
               00:039E   Loc CODE     __intTM8INT
               00:03BA   Loc CODE     __intTM9INT
               00:1106   Loc CODE     __intT128HINT
               00:0566   Loc CODE     __intT2HINT
               00:11DA   Loc CODE     __intI2CMINT
               00:1122   Loc CODE     __intWDTINT
               00:0314   Loc CODE     __intPA0INT
               00:040A   Loc CODE     __intTMAINT
               00:0330   Loc CODE     __intPA1INT
               00:1190   Loc CODE     __intSIO0INT
               00:1174   Loc CODE     __intI2CSINT
               00:10EA   Loc CODE     __intSADINT
               00:01E4   Loc CODE     __intPB0INT
               00:09FA   Loc CODE     __branchHdr
               00:03D6   Loc CODE     __intTMEINT
               00:0200   Loc CODE     __intPB1INT
               00:1158   Loc CODE     __intTMBINT
               00:1046   Loc CODE     __intPA2INT
               00:01C8   Loc CODE     __intT16HINT
               00:113C   Loc CODE     __intTMFINT
               00:100E   Loc CODE     __intPB2INT
               00:102A   Loc CODE     __intPB3INT
               00:08F0   Loc CODE     __intPWDINT
               00:090C   Loc CODE     __intPWEINT
               00:0990   Loc CODE     __intPWCINT
               00:048A   Loc CODE     __intUA0INT
               00:0006   Loc CODE     __intUndefHdr
               00:04A6   Loc CODE     __intUA1INT
               00:0928   Loc CODE     __intPWFINT
               00:107E   Loc CODE     __intVLSINT
               00:0A2A   Pub CODE     _irq_init
               00:055E   Pub CODE     _irq_di
               00:0562   Pub CODE     _irq_ei
               00:04D6   Pub CODE     _irq_setHdr
               00:0582   Loc CODE     __intNullHdr
               00:EE3E   Loc DATA     __sIrqHdr

Module         Value     Type         Symbol
------         -----     ----------   ------
main
               00:10BA   Pub CODE     _IRLED_PWM
               00:04C2   Pub CODE     _main_clrWDT
               00:0368   Pub CODE     _main_reqNotHalt
               00:0A04   Pub CODE     _main
               00:0426   Pub CODE     _PortD_Low
               00:03F2   Pub CODE     _NOP1000
               00:0AA0   Pub CODE     _PortC_Low
               00:0706   Pub CODE     _PortB_Low
               00:0944   Pub CODE     _PortA_Low
               00:EF70   Pub DATA     _NackMCUConn
               00:EF44   Pub DATA     _AckMCUConn
               00:EF1F   Pub DATA     _InputRec
               00:EFD8   Pub DATA     _I2C_RX_Data
               00:EF5A   Pub DATA     _ListFWRev
               00:EF2D   Pub DATA     _OutputRec
               00:EEFA   Pub DATA     _HelloWorld
               00:EF08   Pub DATA     _InputStatus
               00:EFC3   Pub DATA     _I2C_RX_REC
               00:EFAE   Pub DATA     _I2C_TX_REC
               00:0D8E   Loc CODE     __funcUartFin
               00:0BA4   Loc CODE     _Initialization
               00:038C   Loc CODE     __intUart
               00:0DA0   Loc CODE     __intI2c
               00:109A   Loc CODE     _SetOSC
               00:0584   Loc CODE     __funcI2CFin
               00:EE92   Loc DATA     _I2C_BUFF
               00:EEC0   Loc DATA     _I2CNumBytes
               00:EEC1   Loc DATA     _Data2Str_temp
               00:EEC2   Loc DATA     _RegAddr_temp
               00:EEC3   Loc DATA     _Data3Str_temp
               00:EFEF   Loc DATA     _BU21072Address
               00:EEC4   Loc DATA     _I2CReceInfo
               00:EECC   Loc DATA     _Data0Str_temp
               00:EECD   Loc DATA     _Data1Str_temp
               00:EECE   Loc DATA     _Data4Str_temp
               00:EECF   Loc DATA     _Data5Str_temp
               00:EED0   Loc DATA     _Data6Str_temp
               00:EED1   Loc DATA     _Data7Str_temp
               00:EED2   Loc DATA     _I2CNumBytes_temp
               00:0194   Loc TABLE    __uartSetParam
               00:EED3   Loc DATA     _Data2Str
               00:EED4   Loc DATA     _Data3Str
               00:EED5   Loc DATA     _RegAddr
               00:EFF0   Loc DATA     _LEDDrive_LED_CH
               00:EED6   Loc DATA     _Data0Str
               00:EED7   Loc DATA     _Data1Str
               00:EFF1   Loc DATA     _LEDDrive_LED_CH_Contents
               00:EED8   Loc DATA     _I2CAdd
               00:EED9   Loc DATA     _chari
               00:EEDA   Loc DATA     _charj
               00:EEDB   Loc DATA     _chark
               00:EEDC   Loc DATA     _Data6Str
               00:EEDE   Loc DATA     _I2CSendInfo
               00:EEE6   Loc DATA     _Data7Str
               00:EEE7   Loc DATA     _Data4Str
               00:EEE8   Loc DATA     _Data5Str
               00:EEE9   Loc DATA     _I2CAdd_temp

Module         Value     Type         Symbol
------         -----     ----------   ------
ml610112
              0000EFFF   Loc NUMBER   NEAR_RAM_END
              0000E000   Loc NUMBER   NEAR_RAM_START
               00:1218   Loc CODE     __wdtcounter_clear
              000000FF   Loc NUMBER   _$$WINVAL
               00:7FFF   Loc TABLE    _$$ROMWINEND
               00:11FA   Loc CODE     $begin
               00:0000   Loc TABLE    _$$ROMWINSTART
               00:122C   Loc CODE     __init_loop
               00:1278   Loc CODE     __init_end
               00:11F8   Loc CODE     $$brk_reset
               00:1238   Loc CODE     __skip
               00:1254   Loc CODE     __init_loop2
               00:1266   Loc CODE     __loop_by_byte
               00:1208   Loc CODE     __near_ram_loop
               00:11F6   Pub CODE     $$start_up


Module         Value     Type         Symbol
------         -----     ----------   ------
tbc

Module         Value     Type         Symbol
------         -----     ----------   ------
timer

Module         Value     Type         Symbol
------         -----     ----------   ------
uart
               00:019E   Pub CODE     _uart_PortSet
               00:0596   Pub CODE     _uart_init
               00:0390   Pub CODE     _uart_ErrSet
               00:0A84   Pub CODE     _uart_stop
               00:0508   Pub CODE     _uart_startSend
               00:021C   Pub CODE     _uart_continue
               00:06DC   Pub CODE     _uart_PortClear
               00:EE38   Loc DATA     __Err_Status
               00:EFF2   Loc DATA     __gsCtrlParam

End of mapfile.
